../Core/Src/main.c:93:5:main	32	static
../Core/Src/main.c:217:6:SystemClock_Config	88	static
../Core/Src/main.c:263:13:MX_I2C1_Init	8	static
../Core/Src/main.c:297:13:MX_I2S3_Init	8	static
../Core/Src/main.c:331:13:MX_SPI1_Init	8	static
../Core/Src/main.c:369:13:MX_TIM1_Init	40	static
../Core/Src/main.c:416:13:MX_USART3_UART_Init	8	static
../Core/Src/main.c:449:13:MX_GPIO_Init	56	static
../Core/Src/main.c:533:10:Get_Timestamp	4	static
../Core/Src/main.c:539:6:decode_and_print_morse	16	static
../Core/Src/main.c:626:6:Error_Handler	4	static,ignoring_inline_asm
